// Jest Snapshot v1, https://goo.gl/fbAQLP

exports[`Check If App Loads succesfully 1`] = `ShallowWrapper {}`;
