// Jest Snapshot v1, https://goo.gl/fbAQLP

exports[`Check If Search Loads Successfully 1`] = `ShallowWrapper {}`;
